// Jest Snapshot v1, https://goo.gl/fbAQLP

exports[`HowToPlay component matches snapshot 1`] = `
.c0 {
  cursor: default;
  position: fixed;
  top: 0;
  left: 0;
  width: 100%;
  height: 100%;
  background-color: rgba(0,0,0,0.5);
  z-index: 25;
}

<button
  class="c0"
/>
`;
